// Vitest Snapshot v1, https://vitest.dev/guide/snapshot.html

exports[`SuperAdmin Button > matches snapshot 1`] = `
<div>
  <button
    class="bg-secondary_darkteal flex cursor-pointer select-none items-center justify-center text-center p-4 rounded-full"
    style="min-width: 128px;"
    type="button"
  >
    <p
      class="text-system_white button-text"
    >
      SUPERADMIN
    </p>
  </button>
</div>
`;
