// Vitest Snapshot v1, https://vitest.dev/guide/snapshot.html

exports[`SuperAdmin Button > matches snapshot 1`] = `
<div>
  <button
    class="bg-secondary_darkteal flex cursor-pointer select-none items-center justify-center text-center min-w-32 p-4 rounded-full"
    type="button"
  >
    <p
      class="button-text text-system_white"
    >
      SUPERADMIN
    </p>
  </button>
</div>
`;
