// Vitest Snapshot v1, https://vitest.dev/guide/snapshot.html

exports[`HikingEssentials Component - User Stories > matches snapshot 1`] = `
<div>
  <div
    class="mx-auto max-w-4xl p-6"
    lang="en"
  >
    <h3
      class="mb-5 bg-supporting_inactiveblue p-3 text-center text-system_white uppercase"
    >
      WHAT TO PACK FOR A HIKE
    </h3>
    <div
      class="flex flex-wrap justify-center gap-6"
    >
      <div
        class="w-[calc(50%-1rem)] min-w-[150px] max-w-[200px] rounded-lg"
      >
        <div
          class="flex flex-col items-center"
        >
          <div
            class="relative aspect-[1/.5] w-full rounded-t-full bg-supporting_lightblue"
          >
            <img
              alt="Hiking boot"
              class="absolute inset-0 h-[calc(100%+6px)] w-full object-contain"
              src="/icons/hiking/boot.svg"
            />
          </div>
          <h4
            class="min-h-[20px] w-full hyphens-auto break-words bg-supporting_inactiveblue p-1.5 text-center text-[clamp(11px,calc(24/550*100vw),24px)] text-system_white leading-[clamp(8px,calc(20/550*100vw),20px)]"
          >
            HIKING BOOTS
          </h4>
          <p
            class="w-full bg-supporting_lightblue p-mini py-3 text-center text-[clamp(12px,calc(18/550*100vw),18px)] leading-[clamp(16px,calc(22/550*100vw),22px)]"
          >
            Make sure your boots are broken in before hitting the trails to prevent blisters and sore feet!
          </p>
        </div>
      </div>
      <div
        class="w-[calc(50%-1rem)] min-w-[150px] max-w-[200px] rounded-lg"
      >
        <div
          class="flex flex-col items-center"
        >
          <div
            class="relative aspect-[1/.5] w-full rounded-t-full bg-supporting_lightblue"
          >
            <img
              alt="Water bottle"
              class="absolute inset-0 h-[calc(100%+6px)] w-full object-contain"
              src="/icons/hiking/water-bottle.svg"
            />
          </div>
          <h4
            class="min-h-[20px] w-full hyphens-auto break-words bg-supporting_inactiveblue p-1.5 text-center text-[clamp(11px,calc(24/550*100vw),24px)] text-system_white leading-[clamp(8px,calc(20/550*100vw),20px)]"
          >
            WATER
          </h4>
          <p
            class="w-full bg-supporting_lightblue p-mini py-3 text-center text-[clamp(12px,calc(18/550*100vw),18px)] leading-[clamp(16px,calc(22/550*100vw),22px)]"
          >
            You need to drink about 1 liter of water per every 4-5 miles hiked. Don't forget water for your pet!
          </p>
        </div>
      </div>
      <div
        class="w-[calc(50%-1rem)] min-w-[150px] max-w-[200px] rounded-lg"
      >
        <div
          class="flex flex-col items-center"
        >
          <div
            class="relative aspect-[1/.5] w-full rounded-t-full bg-supporting_lightblue"
          >
            <img
              alt="Map and compass"
              class="absolute inset-0 h-[calc(100%+6px)] w-full object-contain"
              src="/icons/hiking/map-and-compass.svg"
            />
          </div>
          <h4
            class="min-h-[20px] w-full hyphens-auto break-words bg-supporting_inactiveblue p-1.5 text-center text-[clamp(11px,calc(24/550*100vw),24px)] text-system_white leading-[clamp(8px,calc(20/550*100vw),20px)]"
          >
            MAP & COMPASS
          </h4>
          <p
            class="w-full bg-supporting_lightblue p-mini py-3 text-center text-[clamp(12px,calc(18/550*100vw),18px)] leading-[clamp(16px,calc(22/550*100vw),22px)]"
          >
            Pick up a park map from the park's visitor center or download a digital version at ncparks.gov
          </p>
        </div>
      </div>
      <div
        class="w-[calc(50%-1rem)] min-w-[150px] max-w-[200px] rounded-lg"
      >
        <div
          class="flex flex-col items-center"
        >
          <div
            class="relative aspect-[1/.5] w-full rounded-t-full bg-supporting_lightblue"
          >
            <img
              alt="Snacks"
              class="absolute inset-0 h-[calc(100%+6px)] w-full object-contain"
              src="/icons/hiking/snacks.svg"
            />
          </div>
          <h4
            class="min-h-[20px] w-full hyphens-auto break-words bg-supporting_inactiveblue p-1.5 text-center text-[clamp(11px,calc(24/550*100vw),24px)] text-system_white leading-[clamp(8px,calc(20/550*100vw),20px)]"
          >
            SNACKS
          </h4>
          <p
            class="w-full bg-supporting_lightblue p-mini py-3 text-center text-[clamp(12px,calc(18/550*100vw),18px)] leading-[clamp(16px,calc(22/550*100vw),22px)]"
          >
            You can make your own trail mix with dark chocolate, almonds, raisins and unsalted popcorn!
          </p>
        </div>
      </div>
      <div
        class="w-[calc(50%-1rem)] min-w-[150px] max-w-[200px] rounded-lg"
      >
        <div
          class="flex flex-col items-center"
        >
          <div
            class="relative aspect-[1/.5] w-full rounded-t-full bg-supporting_lightblue"
          >
            <img
              alt="Rain gear"
              class="absolute inset-0 h-[calc(100%+6px)] w-full object-contain"
              src="/icons/hiking/rain-gear.svg"
            />
          </div>
          <h4
            class="min-h-[20px] w-full hyphens-auto break-words bg-supporting_inactiveblue p-1.5 text-center text-[clamp(11px,calc(24/550*100vw),24px)] text-system_white leading-[clamp(8px,calc(20/550*100vw),20px)]"
          >
            RAIN GEAR
          </h4>
          <p
            class="w-full bg-supporting_lightblue p-mini py-3 text-center text-[clamp(12px,calc(18/550*100vw),18px)] leading-[clamp(16px,calc(22/550*100vw),22px)]"
          >
            When hiking in wet weather, avoid wearing cotton - it traps water and takes a long time to dry.
          </p>
        </div>
      </div>
      <div
        class="w-[calc(50%-1rem)] min-w-[150px] max-w-[200px] rounded-lg"
      >
        <div
          class="flex flex-col items-center"
        >
          <div
            class="relative aspect-[1/.5] w-full rounded-t-full bg-supporting_lightblue"
          >
            <img
              alt="Flashlight"
              class="absolute inset-0 h-[calc(100%+6px)] w-full object-contain"
              src="/icons/hiking/flashlight.svg"
            />
          </div>
          <h4
            class="min-h-[20px] w-full hyphens-auto break-words bg-supporting_inactiveblue p-1.5 text-center text-[clamp(11px,calc(24/550*100vw),24px)] text-system_white leading-[clamp(8px,calc(20/550*100vw),20px)]"
          >
            FLASHLIGHT
          </h4>
          <p
            class="w-full bg-supporting_lightblue p-mini py-3 text-center text-[clamp(12px,calc(18/550*100vw),18px)] leading-[clamp(16px,calc(22/550*100vw),22px)]"
          >
            Due to all the trees, the trails will get darker before the rest of the park.
          </p>
        </div>
      </div>
      <div
        class="w-[calc(50%-1rem)] min-w-[150px] max-w-[200px] rounded-lg"
      >
        <div
          class="flex flex-col items-center"
        >
          <div
            class="relative aspect-[1/.5] w-full rounded-t-full bg-supporting_lightblue"
          >
            <img
              alt="First aid kit"
              class="absolute inset-0 h-[calc(100%+6px)] w-full object-contain"
              src="/icons/hiking/first-aid-kit.svg"
            />
          </div>
          <h4
            class="min-h-[20px] w-full hyphens-auto break-words bg-supporting_inactiveblue p-1.5 text-center text-[clamp(11px,calc(24/550*100vw),24px)] text-system_white leading-[clamp(8px,calc(20/550*100vw),20px)]"
          >
            FIRST AID KIT
          </h4>
          <p
            class="w-full bg-supporting_lightblue p-mini py-3 text-center text-[clamp(12px,calc(18/550*100vw),18px)] leading-[clamp(16px,calc(22/550*100vw),22px)]"
          >
            Make sure your kit has bandages, antiseptic, antihistamines, and tweezers.
          </p>
        </div>
      </div>
      <div
        class="w-[calc(50%-1rem)] min-w-[150px] max-w-[200px] rounded-lg"
      >
        <div
          class="flex flex-col items-center"
        >
          <div
            class="relative aspect-[1/.5] w-full rounded-t-full bg-supporting_lightblue"
          >
            <img
              alt="Matches"
              class="absolute inset-0 h-[calc(100%+6px)] w-full object-contain"
              src="/icons/hiking/matches.svg"
            />
          </div>
          <h4
            class="min-h-[20px] w-full hyphens-auto break-words bg-supporting_inactiveblue p-1.5 text-center text-[clamp(11px,calc(24/550*100vw),24px)] text-system_white leading-[clamp(8px,calc(20/550*100vw),20px)]"
          >
            MATCHES
          </h4>
          <p
            class="w-full bg-supporting_lightblue p-mini py-3 text-center text-[clamp(12px,calc(18/550*100vw),18px)] leading-[clamp(16px,calc(22/550*100vw),22px)]"
          >
            Pack waterproof matches or carry them in a waterproof container.
          </p>
        </div>
      </div>
      <div
        class="w-[calc(50%-1rem)] min-w-[150px] max-w-[200px] rounded-lg"
      >
        <div
          class="flex flex-col items-center"
        >
          <div
            class="relative aspect-[1/.5] w-full rounded-t-full bg-supporting_lightblue"
          >
            <img
              alt="Knife"
              class="absolute inset-0 h-[calc(100%+6px)] w-full object-contain"
              src="/icons/hiking/knife.svg"
            />
          </div>
          <h4
            class="min-h-[20px] w-full hyphens-auto break-words bg-supporting_inactiveblue p-1.5 text-center text-[clamp(11px,calc(24/550*100vw),24px)] text-system_white leading-[clamp(8px,calc(20/550*100vw),20px)]"
          >
            KNIFE
          </h4>
          <p
            class="w-full bg-supporting_lightblue p-mini py-3 text-center text-[clamp(12px,calc(18/550*100vw),18px)] leading-[clamp(16px,calc(22/550*100vw),22px)]"
          >
            Make sure your knife or multitool has a locking blade to prevent any injuries.
          </p>
        </div>
      </div>
    </div>
  </div>
</div>
`;
