// Vitest Snapshot v1, https://vitest.dev/guide/snapshot.html

exports[`Trails Component - User Stories > matches snapshot 1`] = `
<div>
  <div
    class="animate-pulse"
    data-testid="loading-placeholder"
  >
    <p
      class="text-center text-gray-500 text-sm"
    >
       Loading trails...
    </p>
  </div>
</div>
`;
