// Vitest Snapshot v1, https://vitest.dev/guide/snapshot.html

exports[`Component Snapshots > Header renders correctly 1`] = `
<div>
  <header
    class="static top-0 flex w-full flex-row items-center justify-center bg-secondary-darkteal p-4"
    style="height: 50px;"
  >
    <h4
      class="font-SSPS text-system-white"
    >
      NC Parks Passport
    </h4>
    <div
      class="absolute right-4"
      data-testid="balance-placeholder"
    />
  </header>
</div>
`;

exports[`Component Snapshots > ImageModal renders correctly 1`] = `
<div>
  <div
    class="fixed inset-0 flex items-center justify-center"
    style="z-index: 9999;"
  >
    <div
      class="absolute inset-0 bg-system-black bg-opacity-70 backdrop-blur-md backdrop-filter"
    />
    <dialog
      aria-modal="true"
      class="relative flex h-full w-full items-center justify-center bg-system-black bg-opacity-0"
    >
      <span
        class="absolute top-4 right-6 z-10 cursor-pointer font-bold text-h1 text-system-white"
        style="text-shadow: 0 0 4px #444444;"
      >
        ×
      </span>
      <div
        class="react-transform-wrapper transform-component-module_wrapper__SPB86 !w-full !h-full"
      >
        <div
          class="react-transform-component transform-component-module_content__FBWxo "
          style="transform: translate(0px, 0px) scale(1);"
        >
          <div
            class="flex h-full w-full items-center justify-center"
          >
            <img
              alt="Test Image"
              class="object-contain"
              src="CABE.jpg"
              style="width: 0px; height: 0px; max-width: 100vw; max-height: 100vh;"
            />
          </div>
        </div>
      </div>
      <div
        class="absolute right-0 bottom-4 left-0 bg-system-black bg-opacity-50 p-2 text-center text-system-white"
        data-testid="caption-container"
      >
        Test Image
      </div>
    </dialog>
  </div>
</div>
`;

exports[`Component Snapshots > ListRow renders correctly 1`] = `
<div>
  <div
    class="flex items-center bg-supporting-lightblue p-3 shadow-md"
    style="border-radius: 15px;"
  >
    <div>
      Test List Row
    </div>
  </div>
</div>
`;

exports[`Component Snapshots > LoadingPlaceholder renders correctly 1`] = `
<div>
  <div
    class="animate-pulse"
    data-testid="loading-placeholder"
  >
    <p
      class="text-center text-gray-500 text-sm"
    >
       Loading test...
    </p>
  </div>
</div>
`;

exports[`Component Snapshots > MyProfile renders correctly 1`] = `
<div>
  <div
    class="flex h-full w-full flex-col items-center"
  >
    <div
      class="flex flex-grow flex-col items-center gap-3"
    >
      <h2>
        My Profile
      </h2>
      <div
        class="w-1/2 min-w-[300px] max-w-[450px]"
      >
        <div
          class="w-full rounded-lg bg-main-blue p-4 text-system-white"
        >
          <div
            class="grid w-full grid-cols-2"
          >
            <p
              class="text-left"
            >
              Username
              :
            </p>
            <p
              class="text-right"
            >
              testUser
            </p>
          </div>
        </div>
      </div>
      <button
        class="flex cursor-pointer select-none items-center justify-center text-center rounded-full transition-all duration-200 p-2 w-64 bg-secondary-darkteal"
        type="button"
      >
        <p
          class="text-system-white text-2xl"
        >
          Change Password
        </p>
      </button>
    </div>
    <div
      class="flex w-full max-w-[500px] flex-col items-center gap-4"
    >
      <h2>
        App Info
      </h2>
      <div
        class="grid w-full grid-cols-2"
      >
        <p>
          App Version:
        </p>
        <p
          class="text-right"
        >
          1.0.0
        </p>
        <p>
          Connection Status:
        </p>
        <p
          class="text-right"
        >
          Online
        </p>
        <p>
          Last Cached:
        </p>
        <p
          class="text-right"
        >
          4/26/25 at 1:22 PM
        </p>
      </div>
      <button
        class="flex cursor-pointer select-none items-center justify-center text-center rounded-full transition-all duration-200 p-2 w-64 bg-secondary-orange"
        type="button"
      >
        <p
          class="text-system-white text-2xl"
        >
          Logout
        </p>
      </button>
    </div>
  </div>
</div>
`;

exports[`Component Snapshots > RoundedButton renders correctly 1`] = `
<div>
  <button
    class="flex cursor-pointer select-none items-center justify-center text-center rounded-full transition-all duration-200 p-2 w-48 secondary_darkteal"
    type="button"
  >
    <p
      class="text-system-white text-2xl"
    >
      Test Button
    </p>
  </button>
</div>
`;

exports[`Component Snapshots > SplashScreen renders correctly 1`] = `
<div>
  <div
    class="fixed inset-0 flex flex-col items-center bg-no-repeat"
    style="background-image: url("/photos/CRMO_FrontCover.jpg"); background-size: 150%; z-index: 9999;"
  >
    <div
      class="flex h-2/4 flex-col items-center justify-center"
    >
      <img
        alt="North Carolina Department of Parks and Rec White Logo"
        height="103"
        src="/DPRLogoWhite.svg"
        width="136"
      />
      <h3>
        North Carolina State Parks
      </h3>
      <p
        class="font-Norican text-8xl"
        style="padding-top: 30px;"
      >
        Passport
      </p>
      <div
        class="mt-20 rounded-xl bg-secondary-lightblue bg-opacity-70 p-3"
      />
    </div>
  </div>
</div>
`;

exports[`Component Snapshots > TrailIcons renders correctly 1`] = `
<div>
  <div
    class="inline-flex items-center gap-1 px-1"
  >
    <div
      class="group relative flex flex-col items-center gap-1"
    >
      <div
        class="aspect-square"
        data-testid="4WDBeach"
        style="height: 48px; width: 48px;"
      >
        <img
          alt="4WD Beach Access"
          src="/icons/misc/4WDBeach.svg"
        />
      </div>
      <div
        class="text-sm text-center"
      >
        4WD Beach Access
      </div>
      <div
        class="absolute bottom-full mb-1 hidden rounded bg-supporting-lightgray px-2 py-1 text-white text-xs group-hover:block"
      >
        4WD Beach Access
      </div>
    </div>
    <div
      class="group relative flex flex-col items-center gap-1"
    >
      <div
        class="aspect-square"
        data-testid="Accessible"
        style="height: 48px; width: 48px;"
      >
        <img
          alt="Accessible Facilities"
          src="/icons/misc/Accessible.svg"
        />
      </div>
      <div
        class="text-sm text-center"
      >
        Accessible Facilities
      </div>
      <div
        class="absolute bottom-full mb-1 hidden rounded bg-supporting-lightgray px-2 py-1 text-white text-xs group-hover:block"
      >
        Accessible Facilities
      </div>
    </div>
    <div
      class="group relative flex flex-col items-center gap-1"
    >
      <div
        class="aspect-square"
        data-testid="Amphiteater"
        style="height: 48px; width: 48px;"
      >
        <img
          alt="Amphitheater"
          src="/icons/misc/Amphiteater.svg"
        />
      </div>
      <div
        class="text-sm text-center"
      >
        Amphitheater
      </div>
      <div
        class="absolute bottom-full mb-1 hidden rounded bg-supporting-lightgray px-2 py-1 text-white text-xs group-hover:block"
      >
        Amphitheater
      </div>
    </div>
    <div
      class="group relative flex flex-col items-center gap-1"
    >
      <div
        class="aspect-square"
        data-testid="BackpackCamping"
        style="height: 48px; width: 48px;"
      >
        <img
          alt="Backpack Camping"
          src="/icons/misc/BackpackCamping.svg"
        />
      </div>
      <div
        class="text-sm text-center"
      >
        Backpack Camping
      </div>
      <div
        class="absolute bottom-full mb-1 hidden rounded bg-supporting-lightgray px-2 py-1 text-white text-xs group-hover:block"
      >
        Backpack Camping
      </div>
    </div>
    <div
      class="group relative flex flex-col items-center gap-1"
    >
      <div
        class="aspect-square"
        data-testid="Bathhouse"
        style="height: 48px; width: 48px;"
      >
        <img
          alt="Bathhouse"
          src="/icons/misc/Bathhouse.svg"
        />
      </div>
      <div
        class="text-sm text-center"
      >
        Bathhouse
      </div>
      <div
        class="absolute bottom-full mb-1 hidden rounded bg-supporting-lightgray px-2 py-1 text-white text-xs group-hover:block"
      >
        Bathhouse
      </div>
    </div>
  </div>
</div>
`;

exports[`Route Snapshots > /locations matches snapshot 1`] = `
<div>
  <div
    class="relative flex flex-col gap-4"
  >
    <div
      class="relative flex gap-2"
    >
      <div
        class="relative flex-1"
      >
        <input
          class="w-full rounded-lg border border-system-gray bg-supporting-lightblue p-3 pr-7 focus:border-secondary-darkteal focus:outline-none focus:ring-1 focus:ring-secondary-darkteal focus:ring-opacity-100"
          placeholder="Search parks..."
          type="text"
          value=""
        />
      </div>
      <button
        class="w-auto rounded-lg border border-system-gray bg-system-white px-3 py-2 transition-all duration-200"
        type="button"
      >
        <svg
          fill="currentColor"
          height="1em"
          stroke="currentColor"
          stroke-width="0"
          viewBox="0 0 512 512"
          width="1em"
          xmlns="http://www.w3.org/2000/svg"
        >
          <path
            d="M487.976 0H24.028C2.71 0-8.047 25.866 7.058 40.971L192 225.941V432c0 7.831 3.821 15.17 10.237 19.662l80 55.98C298.02 518.69 320 507.493 320 487.98V225.941l184.947-184.97C520.021 25.896 509.338 0 487.976 0z"
          />
        </svg>
      </button>
    </div>
    <div
      data-testid="park"
    >
      <a
        class="text-supporting-inactiveblue no-underline"
        data-discover="true"
        href="/locations/CABE"
      >
        <div
          class="flex items-center bg-supporting-lightblue p-3 shadow-md"
          style="border-radius: 15px;"
        >
          <div
            class="flex flex-col gap-1"
          >
            <h3>
              Carolina Beach State Park
            </h3>
            <p>
              Carolina Beach, NC
            </p>
          </div>
        </div>
      </a>
    </div>
    <div
      data-testid="park"
    >
      <a
        class="text-supporting-inactiveblue no-underline"
        data-discover="true"
        href="/locations/CACR"
      >
        <div
          class="flex items-center bg-supporting-lightblue p-3 shadow-md"
          style="border-radius: 15px;"
        >
          <div
            class="flex flex-col gap-1"
          >
            <h3>
              Carvers Creek State Park
            </h3>
            <p>
              Spring Lake, NC
            </p>
          </div>
        </div>
      </a>
    </div>
    <div
      data-testid="park"
    >
      <a
        class="text-supporting-inactiveblue no-underline"
        data-discover="true"
        href="/locations/CHRO"
      >
        <div
          class="flex items-center bg-supporting-lightblue p-3 shadow-md"
          style="border-radius: 15px;"
        >
          <div
            class="flex flex-col gap-1"
          >
            <h3>
              Chimney Rock State Park
            </h3>
            <p>
              Chimney Rock, NC
            </p>
          </div>
        </div>
      </a>
    </div>
    <div
      data-testid="park"
    >
      <a
        class="text-supporting-inactiveblue no-underline"
        data-discover="true"
        href="/locations/CLNE"
      >
        <div
          class="flex items-center bg-supporting-lightblue p-3 shadow-md"
          style="border-radius: 15px;"
        >
          <div
            class="flex flex-col gap-1"
          >
            <h3>
              Cliffs of the Neuse State Park
            </h3>
            <p>
              Seven Springs, NC
            </p>
          </div>
        </div>
      </a>
    </div>
    <div
      data-testid="park"
    >
      <a
        class="text-supporting-inactiveblue no-underline"
        data-discover="true"
        href="/locations/CRMO"
      >
        <div
          class="flex items-center bg-supporting-lightblue p-3 shadow-md"
          style="border-radius: 15px;"
        >
          <div
            class="flex flex-col gap-1"
          >
            <h3>
              Crowders Mountain State Park
            </h3>
            <p>
              Kings Mountain, NC
            </p>
          </div>
        </div>
      </a>
    </div>
    <div
      data-testid="park"
    >
      <a
        class="text-supporting-inactiveblue no-underline"
        data-discover="true"
        href="/locations/DISW"
      >
        <div
          class="flex items-center bg-supporting-lightblue p-3 shadow-md"
          style="border-radius: 15px;"
        >
          <div
            class="flex flex-col gap-1"
          >
            <h3>
              Dismal Swamp State Park
            </h3>
            <p>
              South Mills, NC
            </p>
          </div>
        </div>
      </a>
    </div>
    <div
      data-testid="park"
    >
      <a
        class="text-supporting-inactiveblue no-underline"
        data-discover="true"
        href="/locations/ELKN"
      >
        <div
          class="flex items-center bg-supporting-lightblue p-3 shadow-md"
          style="border-radius: 15px;"
        >
          <div
            class="flex flex-col gap-1"
          >
            <h3>
              Elk Knob State Park
            </h3>
            <p>
              Todd, NC
            </p>
          </div>
        </div>
      </a>
    </div>
    <div
      data-testid="park"
    >
      <a
        class="text-supporting-inactiveblue no-underline"
        data-discover="true"
        href="/locations/ENRI"
      >
        <div
          class="flex items-center bg-supporting-lightblue p-3 shadow-md"
          style="border-radius: 15px;"
        >
          <div
            class="flex flex-col gap-1"
          >
            <h3>
              Eno River State Park
            </h3>
            <p>
              Durham, NC
            </p>
          </div>
        </div>
      </a>
    </div>
    <div
      data-testid="park"
    >
      <a
        class="text-supporting-inactiveblue no-underline"
        data-discover="true"
        href="/locations/FALA"
      >
        <div
          class="flex items-center bg-supporting-lightblue p-3 shadow-md"
          style="border-radius: 15px;"
        >
          <div
            class="flex flex-col gap-1"
          >
            <h3>
              Falls Lake State Recreation Area
            </h3>
            <p>
              Wake Forest, NC
            </p>
          </div>
        </div>
      </a>
    </div>
    <div
      data-testid="park"
    >
      <a
        class="text-supporting-inactiveblue no-underline"
        data-discover="true"
        href="/locations/FOFI"
      >
        <div
          class="flex items-center bg-supporting-lightblue p-3 shadow-md"
          style="border-radius: 15px;"
        >
          <div
            class="flex flex-col gap-1"
          >
            <h3>
              Fort Fisher State Recreation Area
            </h3>
            <p>
              Kure Beach, NC
            </p>
          </div>
        </div>
      </a>
    </div>
    <div
      data-testid="park"
    >
      <a
        class="text-supporting-inactiveblue no-underline"
        data-discover="true"
        href="/locations/FOMA"
      >
        <div
          class="flex items-center bg-supporting-lightblue p-3 shadow-md"
          style="border-radius: 15px;"
        >
          <div
            class="flex flex-col gap-1"
          >
            <h3>
              Fort Macon State Park
            </h3>
            <p>
              Atlantic Beach, NC
            </p>
          </div>
        </div>
      </a>
    </div>
    <div
      data-testid="park"
    >
      <a
        class="text-supporting-inactiveblue no-underline"
        data-discover="true"
        href="/locations/GOCR"
      >
        <div
          class="flex items-center bg-supporting-lightblue p-3 shadow-md"
          style="border-radius: 15px;"
        >
          <div
            class="flex flex-col gap-1"
          >
            <h3>
              Goose Creek State Park
            </h3>
            <p>
              Washington, NC
            </p>
          </div>
        </div>
      </a>
    </div>
    <div
      data-testid="park"
    >
      <a
        class="text-supporting-inactiveblue no-underline"
        data-discover="true"
        href="/locations/GORG"
      >
        <div
          class="flex items-center bg-supporting-lightblue p-3 shadow-md"
          style="border-radius: 15px;"
        >
          <div
            class="flex flex-col gap-1"
          >
            <h3>
              Gorges State Park
            </h3>
            <p>
              Sapphire, NC
            </p>
          </div>
        </div>
      </a>
    </div>
    <div
      data-testid="park"
    >
      <a
        class="text-supporting-inactiveblue no-underline"
        data-discover="true"
        href="/locations/GRMO"
      >
        <div
          class="flex items-center bg-supporting-lightblue p-3 shadow-md"
          style="border-radius: 15px;"
        >
          <div
            class="flex flex-col gap-1"
          >
            <h3>
              Grandfather Mountain State Park
            </h3>
            <p>
              Banner Elk, NC
            </p>
          </div>
        </div>
      </a>
    </div>
    <div
      data-testid="park"
    >
      <a
        class="text-supporting-inactiveblue no-underline"
        data-discover="true"
        href="/locations/HABE"
      >
        <div
          class="flex items-center bg-supporting-lightblue p-3 shadow-md"
          style="border-radius: 15px;"
        >
          <div
            class="flex flex-col gap-1"
          >
            <h3>
              Hammocks Beach State Park
            </h3>
            <p>
              Swansboro, NC
            </p>
          </div>
        </div>
      </a>
    </div>
    <div
      data-testid="park"
    >
      <a
        class="text-supporting-inactiveblue no-underline"
        data-discover="true"
        href="/locations/HARO"
      >
        <div
          class="flex items-center bg-supporting-lightblue p-3 shadow-md"
          style="border-radius: 15px;"
        >
          <div
            class="flex flex-col gap-1"
          >
            <h3>
              Hanging Rock State Park
            </h3>
            <p>
              Danbury, NC
            </p>
          </div>
        </div>
      </a>
    </div>
    <div
      data-testid="park"
    >
      <a
        class="text-supporting-inactiveblue no-underline"
        data-discover="true"
        href="/locations/HARI"
      >
        <div
          class="flex items-center bg-supporting-lightblue p-3 shadow-md"
          style="border-radius: 15px;"
        >
          <div
            class="flex flex-col gap-1"
          >
            <h3>
              Haw River State Park
            </h3>
            <p>
              Browns Summit, NC
            </p>
          </div>
        </div>
      </a>
    </div>
    <div
      data-testid="park"
    >
      <a
        class="text-supporting-inactiveblue no-underline"
        data-discover="true"
        href="/locations/JORI"
      >
        <div
          class="flex items-center bg-supporting-lightblue p-3 shadow-md"
          style="border-radius: 15px;"
        >
          <div
            class="flex flex-col gap-1"
          >
            <h3>
              Jockey's Ridge State Park
            </h3>
            <p>
              Nags Head, NC
            </p>
          </div>
        </div>
      </a>
    </div>
    <div
      data-testid="park"
    >
      <a
        class="text-supporting-inactiveblue no-underline"
        data-discover="true"
        href="/locations/JONE"
      >
        <div
          class="flex items-center bg-supporting-lightblue p-3 shadow-md"
          style="border-radius: 15px;"
        >
          <div
            class="flex flex-col gap-1"
          >
            <h3>
              Jones Lake State Park
            </h3>
            <p>
              Elizabethtown, NC
            </p>
          </div>
        </div>
      </a>
    </div>
    <div
      data-testid="park"
    >
      <a
        class="text-supporting-inactiveblue no-underline"
        data-discover="true"
        href="/locations/JORD"
      >
        <div
          class="flex items-center bg-supporting-lightblue p-3 shadow-md"
          style="border-radius: 15px;"
        >
          <div
            class="flex flex-col gap-1"
          >
            <h3>
              Jordan Lake State Recreation Area
            </h3>
            <p>
              Apex, NC
            </p>
          </div>
        </div>
      </a>
    </div>
    <div
      data-testid="park"
    >
      <a
        class="text-supporting-inactiveblue no-underline"
        data-discover="true"
        href="/locations/KELA"
      >
        <div
          class="flex items-center bg-supporting-lightblue p-3 shadow-md"
          style="border-radius: 15px;"
        >
          <div
            class="flex flex-col gap-1"
          >
            <h3>
              Kerr Lake State Recreation Area
            </h3>
            <p>
              Henderson, NC
            </p>
          </div>
        </div>
      </a>
    </div>
    <div
      data-testid="park"
    >
      <a
        class="text-supporting-inactiveblue no-underline"
        data-discover="true"
        href="/locations/LAJA"
      >
        <div
          class="flex items-center bg-supporting-lightblue p-3 shadow-md"
          style="border-radius: 15px;"
        >
          <div
            class="flex flex-col gap-1"
          >
            <h3>
              Lake James State Park
            </h3>
            <p>
              Nebo, NC
            </p>
          </div>
        </div>
      </a>
    </div>
    <div
      data-testid="park"
    >
      <a
        class="text-supporting-inactiveblue no-underline"
        data-discover="true"
        href="/locations/LANO"
      >
        <div
          class="flex items-center bg-supporting-lightblue p-3 shadow-md"
          style="border-radius: 15px;"
        >
          <div
            class="flex flex-col gap-1"
          >
            <h3>
              Lake Norman State Park
            </h3>
            <p>
              Troutman, NC
            </p>
          </div>
        </div>
      </a>
    </div>
    <div
      data-testid="park"
    >
      <a
        class="text-supporting-inactiveblue no-underline"
        data-discover="true"
        href="/locations/LAWA"
      >
        <div
          class="flex items-center bg-supporting-lightblue p-3 shadow-md"
          style="border-radius: 15px;"
        >
          <div
            class="flex flex-col gap-1"
          >
            <h3>
              Lake Waccamaw State Park
            </h3>
            <p>
              Lake Waccamaw, NC
            </p>
          </div>
        </div>
      </a>
    </div>
    <div
      data-testid="park"
    >
      <a
        class="text-supporting-inactiveblue no-underline"
        data-discover="true"
        href="/locations/LURI"
      >
        <div
          class="flex items-center bg-supporting-lightblue p-3 shadow-md"
          style="border-radius: 15px;"
        >
          <div
            class="flex flex-col gap-1"
          >
            <h3>
              Lumber River State Park
            </h3>
            <p>
              Orrum, NC
            </p>
          </div>
        </div>
      </a>
    </div>
    <div
      data-testid="park"
    >
      <a
        class="text-supporting-inactiveblue no-underline"
        data-discover="true"
        href="/locations/MARI"
      >
        <div
          class="flex items-center bg-supporting-lightblue p-3 shadow-md"
          style="border-radius: 15px;"
        >
          <div
            class="flex flex-col gap-1"
          >
            <h3>
              Mayo River State Park
            </h3>
            <p>
              Mayodan, NC
            </p>
          </div>
        </div>
      </a>
    </div>
    <div
      data-testid="park"
    >
      <a
        class="text-supporting-inactiveblue no-underline"
        data-discover="true"
        href="/locations/MEMO"
      >
        <div
          class="flex items-center bg-supporting-lightblue p-3 shadow-md"
          style="border-radius: 15px;"
        >
          <div
            class="flex flex-col gap-1"
          >
            <h3>
              Medoc Mountain State Park
            </h3>
            <p>
              Hollister, NC
            </p>
          </div>
        </div>
      </a>
    </div>
    <div
      data-testid="park"
    >
      <a
        class="text-supporting-inactiveblue no-underline"
        data-discover="true"
        href="/locations/MEMI"
      >
        <div
          class="flex items-center bg-supporting-lightblue p-3 shadow-md"
          style="border-radius: 15px;"
        >
          <div
            class="flex flex-col gap-1"
          >
            <h3>
              Merchants Millpond State Park
            </h3>
            <p>
              Gatesville, NC
            </p>
          </div>
        </div>
      </a>
    </div>
    <div
      data-testid="park"
    >
      <a
        class="text-supporting-inactiveblue no-underline"
        data-discover="true"
        href="/locations/MOMO"
      >
        <div
          class="flex items-center bg-supporting-lightblue p-3 shadow-md"
          style="border-radius: 15px;"
        >
          <div
            class="flex flex-col gap-1"
          >
            <h3>
              Morrow Mountain State Park
            </h3>
            <p>
              Albemarle, NC
            </p>
          </div>
        </div>
      </a>
    </div>
    <div
      data-testid="park"
    >
      <a
        class="text-supporting-inactiveblue no-underline"
        data-discover="true"
        href="/locations/MOJE"
      >
        <div
          class="flex items-center bg-supporting-lightblue p-3 shadow-md"
          style="border-radius: 15px;"
        >
          <div
            class="flex flex-col gap-1"
          >
            <h3>
              Mount Jefferson State Natural Area
            </h3>
            <p>
              West Jefferson, NC
            </p>
          </div>
        </div>
      </a>
    </div>
    <div
      data-testid="park"
    >
      <a
        class="text-supporting-inactiveblue no-underline"
        data-discover="true"
        href="/locations/MOMI"
      >
        <div
          class="flex items-center bg-supporting-lightblue p-3 shadow-md"
          style="border-radius: 15px;"
        >
          <div
            class="flex flex-col gap-1"
          >
            <h3>
              Mount Mitchell State Park
            </h3>
            <p>
              Burnsville, NC
            </p>
          </div>
        </div>
      </a>
    </div>
    <div
      data-testid="park"
    >
      <a
        class="text-supporting-inactiveblue no-underline"
        data-discover="true"
        href="/locations/NERI"
      >
        <div
          class="flex items-center bg-supporting-lightblue p-3 shadow-md"
          style="border-radius: 15px;"
        >
          <div
            class="flex flex-col gap-1"
          >
            <h3>
              New River State Park
            </h3>
            <p>
              Laurel Springs, NC
            </p>
          </div>
        </div>
      </a>
    </div>
    <div
      data-testid="park"
    >
      <a
        class="text-supporting-inactiveblue no-underline"
        data-discover="true"
        href="/locations/OCMO"
      >
        <div
          class="flex items-center bg-supporting-lightblue p-3 shadow-md"
          style="border-radius: 15px;"
        >
          <div
            class="flex flex-col gap-1"
          >
            <h3>
              Occoneechee Mountain State Natural Area
            </h3>
            <p>
              Hillsborough, NC
            </p>
          </div>
        </div>
      </a>
    </div>
    <div
      data-testid="park"
    >
      <a
        class="text-supporting-inactiveblue no-underline"
        data-discover="true"
        href="/locations/PETT"
      >
        <div
          class="flex items-center bg-supporting-lightblue p-3 shadow-md"
          style="border-radius: 15px;"
        >
          <div
            class="flex flex-col gap-1"
          >
            <h3>
              Pettigrew State Park
            </h3>
            <p>
              Creswell, NC
            </p>
          </div>
        </div>
      </a>
    </div>
    <div
      data-testid="park"
    >
      <a
        class="text-supporting-inactiveblue no-underline"
        data-discover="true"
        href="/locations/PIMO"
      >
        <div
          class="flex items-center bg-supporting-lightblue p-3 shadow-md"
          style="border-radius: 15px;"
        >
          <div
            class="flex flex-col gap-1"
          >
            <h3>
              Pilot Mountain State Park
            </h3>
            <p>
              Pinnacle, NC
            </p>
          </div>
        </div>
      </a>
    </div>
    <div
      data-testid="park"
    >
      <a
        class="text-supporting-inactiveblue no-underline"
        data-discover="true"
        href="/locations/RARO"
      >
        <div
          class="flex items-center bg-supporting-lightblue p-3 shadow-md"
          style="border-radius: 15px;"
        >
          <div
            class="flex flex-col gap-1"
          >
            <h3>
              Raven Rock State Park
            </h3>
            <p>
              Lillington, NC
            </p>
          </div>
        </div>
      </a>
    </div>
    <div
      data-testid="park"
    >
      <a
        class="text-supporting-inactiveblue no-underline"
        data-discover="true"
        href="/locations/REMO"
      >
        <div
          class="flex items-center bg-supporting-lightblue p-3 shadow-md"
          style="border-radius: 15px;"
        >
          <div
            class="flex flex-col gap-1"
          >
            <h3>
              Rendezvous Mountain
            </h3>
            <p>
              Purlear, NC
            </p>
          </div>
        </div>
      </a>
    </div>
    <div
      data-testid="park"
    >
      <a
        class="text-supporting-inactiveblue no-underline"
        data-discover="true"
        href="/locations/SILA"
      >
        <div
          class="flex items-center bg-supporting-lightblue p-3 shadow-md"
          style="border-radius: 15px;"
        >
          <div
            class="flex flex-col gap-1"
          >
            <h3>
              Singletary Lake State Park
            </h3>
            <p>
              Kelly, NC
            </p>
          </div>
        </div>
      </a>
    </div>
    <div
      data-testid="park"
    >
      <a
        class="text-supporting-inactiveblue no-underline"
        data-discover="true"
        href="/locations/SOMO"
      >
        <div
          class="flex items-center bg-supporting-lightblue p-3 shadow-md"
          style="border-radius: 15px;"
        >
          <div
            class="flex flex-col gap-1"
          >
            <h3>
              South Mountains State Park
            </h3>
            <p>
              Connelly Springs, NC
            </p>
          </div>
        </div>
      </a>
    </div>
    <div
      data-testid="park"
    >
      <a
        class="text-supporting-inactiveblue no-underline"
        data-discover="true"
        href="/locations/STMO"
      >
        <div
          class="flex items-center bg-supporting-lightblue p-3 shadow-md"
          style="border-radius: 15px;"
        >
          <div
            class="flex flex-col gap-1"
          >
            <h3>
              Stone Mountain State Park
            </h3>
            <p>
              Roaring Gap, NC
            </p>
          </div>
        </div>
      </a>
    </div>
    <div
      data-testid="park"
    >
      <a
        class="text-supporting-inactiveblue no-underline"
        data-discover="true"
        href="/locations/WEWO"
      >
        <div
          class="flex items-center bg-supporting-lightblue p-3 shadow-md"
          style="border-radius: 15px;"
        >
          <div
            class="flex flex-col gap-1"
          >
            <h3>
              Weymouth Woods Sandhills Nature Preserve
            </h3>
            <p>
              Southern Pines, NC
            </p>
          </div>
        </div>
      </a>
    </div>
    <div
      data-testid="park"
    >
      <a
        class="text-supporting-inactiveblue no-underline"
        data-discover="true"
        href="/locations/WIUM"
      >
        <div
          class="flex items-center bg-supporting-lightblue p-3 shadow-md"
          style="border-radius: 15px;"
        >
          <div
            class="flex flex-col gap-1"
          >
            <h3>
              William B. Umstead State Park
            </h3>
            <p>
              Raleigh, NC
            </p>
          </div>
        </div>
      </a>
    </div>
  </div>
</div>
`;

exports[`Route Snapshots > /more matches snapshot 1`] = `
<div>
  <div
    class="flex flex-col gap-3.5"
    data-testid="more-list"
  >
    <a
      class="text-supporting-inactiveblue no-underline"
      data-discover="true"
      href="/more/trails"
    >
      <div
        class="flex items-center bg-supporting-lightblue p-3 shadow-md"
        style="border-radius: 15px;"
      >
        <h2
          class="mx-4 my-6"
        >
          Trails
        </h2>
      </div>
    </a>
    <a
      class="text-supporting-inactiveblue no-underline"
      data-discover="true"
      href="/more/bucket-list"
    >
      <div
        class="flex items-center bg-supporting-lightblue p-3 shadow-md"
        style="border-radius: 15px;"
      >
        <h2
          class="mx-4 my-6"
        >
          Bucket List
        </h2>
      </div>
    </a>
    <a
      class="text-supporting-inactiveblue no-underline"
      data-discover="true"
      href="/more/my-notes"
    >
      <div
        class="flex items-center bg-supporting-lightblue p-3 shadow-md"
        style="border-radius: 15px;"
      >
        <h2
          class="mx-4 my-6"
        >
          My Notes
        </h2>
      </div>
    </a>
    <a
      class="text-supporting-inactiveblue no-underline"
      data-discover="true"
      href="/more/welcome-message"
    >
      <div
        class="flex items-center bg-supporting-lightblue p-3 shadow-md"
        style="border-radius: 15px;"
      >
        <h2
          class="mx-4 my-6"
        >
          Welcome Message
        </h2>
      </div>
    </a>
    <a
      class="text-supporting-inactiveblue no-underline"
      data-discover="true"
      href="/more/staying-safe"
    >
      <div
        class="flex items-center bg-supporting-lightblue p-3 shadow-md"
        style="border-radius: 15px;"
      >
        <h2
          class="mx-4 my-6"
        >
          Staying Safe
        </h2>
      </div>
    </a>
    <a
      class="text-supporting-inactiveblue no-underline"
      data-discover="true"
      href="/more/hiking-essentials"
    >
      <div
        class="flex items-center bg-supporting-lightblue p-3 shadow-md"
        style="border-radius: 15px;"
      >
        <h2
          class="mx-4 my-6"
        >
          Hiking Essentials
        </h2>
      </div>
    </a>
    <a
      class="text-supporting-inactiveblue no-underline"
      data-discover="true"
      href="/more/icon-legend"
    >
      <div
        class="flex items-center bg-supporting-lightblue p-3 shadow-md"
        style="border-radius: 15px;"
      >
        <h2
          class="mx-4 my-6"
        >
          Icon Legend
        </h2>
      </div>
    </a>
    <a
      class="text-supporting-inactiveblue no-underline"
      data-discover="true"
      href="/more/ncdpr-info"
    >
      <div
        class="flex items-center bg-supporting-lightblue p-3 shadow-md"
        style="border-radius: 15px;"
      >
        <h2
          class="mx-4 my-6"
        >
          NCDPR Info
        </h2>
      </div>
    </a>
    <a
      class="text-supporting-inactiveblue no-underline"
      data-discover="true"
      href="/more/my-profile"
    >
      <div
        class="flex items-center bg-supporting-lightblue p-3 shadow-md"
        style="border-radius: 15px;"
      >
        <h2
          class="mx-4 my-6"
        >
          My Profile
        </h2>
      </div>
    </a>
  </div>
</div>
`;

exports[`Route Snapshots > /stamps matches snapshot 1`] = `
<div>
  <div
    class="flex flex-col gap-2"
  >
    <div
      class="relative flex gap-2"
    >
      <div
        class="relative flex-1"
      >
        <input
          class="w-full rounded-lg border border-system-gray bg-supporting-lightblue p-3 pr-7 focus:border-secondary-darkteal focus:outline-none focus:ring-1 focus:ring-secondary-darkteal focus:ring-opacity-100"
          placeholder="Search parks..."
          type="text"
          value=""
        />
      </div>
      <button
        class="w-auto rounded-lg border border-system-gray bg-system-white px-3 py-2 transition-all duration-200"
        type="button"
      >
        <svg
          fill="currentColor"
          height="1em"
          stroke="currentColor"
          stroke-width="0"
          viewBox="0 0 512 512"
          width="1em"
          xmlns="http://www.w3.org/2000/svg"
        >
          <path
            d="M487.976 0H24.028C2.71 0-8.047 25.866 7.058 40.971L192 225.941V432c0 7.831 3.821 15.17 10.237 19.662l80 55.98C298.02 518.69 320 507.493 320 487.98V225.941l184.947-184.97C520.021 25.896 509.338 0 487.976 0z"
          />
        </svg>
      </button>
    </div>
    <div
      class="grid grid-cols-3 gap-4"
      data-testid="stamps-grid"
    >
      <button
        class="flex items-center justify-center p-2"
        data-testid="stamp-button-CABE"
        type="button"
      >
        <img
          alt="CABE - greyed out"
          class="opacity-50 grayscale"
          data-testid="stamp-image-CABE"
          src="/stamps/CABE.svg"
        />
      </button>
      <button
        class="flex items-center justify-center p-2"
        data-testid="stamp-button-CACR"
        type="button"
      >
        <img
          alt="CACR - greyed out"
          class="opacity-50 grayscale"
          data-testid="stamp-image-CACR"
          src="/stamps/CACR.svg"
        />
      </button>
      <button
        class="flex items-center justify-center p-2"
        data-testid="stamp-button-CHRO"
        type="button"
      >
        <img
          alt="CHRO - greyed out"
          class="opacity-50 grayscale"
          data-testid="stamp-image-CHRO"
          src="/stamps/CHRO.svg"
        />
      </button>
      <button
        class="flex items-center justify-center p-2"
        data-testid="stamp-button-CLNE"
        type="button"
      >
        <img
          alt="CLNE - greyed out"
          class="opacity-50 grayscale"
          data-testid="stamp-image-CLNE"
          src="/stamps/CLNE.svg"
        />
      </button>
      <button
        class="flex items-center justify-center p-2"
        data-testid="stamp-button-CRMO"
        type="button"
      >
        <img
          alt="CRMO - greyed out"
          class="opacity-50 grayscale"
          data-testid="stamp-image-CRMO"
          src="/stamps/CRMO.svg"
        />
      </button>
      <button
        class="flex items-center justify-center p-2"
        data-testid="stamp-button-DISW"
        type="button"
      >
        <img
          alt="DISW - greyed out"
          class="opacity-50 grayscale"
          data-testid="stamp-image-DISW"
          src="/stamps/DISW.svg"
        />
      </button>
      <button
        class="flex items-center justify-center p-2"
        data-testid="stamp-button-ELKN"
        type="button"
      >
        <img
          alt="ELKN - greyed out"
          class="opacity-50 grayscale"
          data-testid="stamp-image-ELKN"
          src="/stamps/ELKN.svg"
        />
      </button>
      <button
        class="flex items-center justify-center p-2"
        data-testid="stamp-button-ENRI"
        type="button"
      >
        <img
          alt="ENRI - greyed out"
          class="opacity-50 grayscale"
          data-testid="stamp-image-ENRI"
          src="/stamps/ENRI.svg"
        />
      </button>
      <button
        class="flex items-center justify-center p-2"
        data-testid="stamp-button-FALA"
        type="button"
      >
        <img
          alt="FALA - greyed out"
          class="opacity-50 grayscale"
          data-testid="stamp-image-FALA"
          src="/stamps/FALA.svg"
        />
      </button>
      <button
        class="flex items-center justify-center p-2"
        data-testid="stamp-button-FOFI"
        type="button"
      >
        <img
          alt="FOFI - greyed out"
          class="opacity-50 grayscale"
          data-testid="stamp-image-FOFI"
          src="/stamps/FOFI.svg"
        />
      </button>
      <button
        class="flex items-center justify-center p-2"
        data-testid="stamp-button-FOMA"
        type="button"
      >
        <img
          alt="FOMA - greyed out"
          class="opacity-50 grayscale"
          data-testid="stamp-image-FOMA"
          src="/stamps/FOMA.svg"
        />
      </button>
      <button
        class="flex items-center justify-center p-2"
        data-testid="stamp-button-GOCR"
        type="button"
      >
        <img
          alt="GOCR - greyed out"
          class="opacity-50 grayscale"
          data-testid="stamp-image-GOCR"
          src="/stamps/GOCR.svg"
        />
      </button>
      <button
        class="flex items-center justify-center p-2"
        data-testid="stamp-button-GORG"
        type="button"
      >
        <img
          alt="GORG - greyed out"
          class="opacity-50 grayscale"
          data-testid="stamp-image-GORG"
          src="/stamps/GORG.svg"
        />
      </button>
      <button
        class="flex items-center justify-center p-2"
        data-testid="stamp-button-GRMO"
        type="button"
      >
        <img
          alt="GRMO - greyed out"
          class="opacity-50 grayscale"
          data-testid="stamp-image-GRMO"
          src="/stamps/GRMO.svg"
        />
      </button>
      <button
        class="flex items-center justify-center p-2"
        data-testid="stamp-button-HABE"
        type="button"
      >
        <img
          alt="HABE - greyed out"
          class="opacity-50 grayscale"
          data-testid="stamp-image-HABE"
          src="/stamps/HABE.svg"
        />
      </button>
      <button
        class="flex items-center justify-center p-2"
        data-testid="stamp-button-HARO"
        type="button"
      >
        <img
          alt="HARO - greyed out"
          class="opacity-50 grayscale"
          data-testid="stamp-image-HARO"
          src="/stamps/HARO.svg"
        />
      </button>
      <button
        class="flex items-center justify-center p-2"
        data-testid="stamp-button-HARI"
        type="button"
      >
        <img
          alt="HARI - greyed out"
          class="opacity-50 grayscale"
          data-testid="stamp-image-HARI"
          src="/stamps/HARI.svg"
        />
      </button>
      <button
        class="flex items-center justify-center p-2"
        data-testid="stamp-button-JORI"
        type="button"
      >
        <img
          alt="JORI - greyed out"
          class="opacity-50 grayscale"
          data-testid="stamp-image-JORI"
          src="/stamps/JORI.svg"
        />
      </button>
      <button
        class="flex items-center justify-center p-2"
        data-testid="stamp-button-JONE"
        type="button"
      >
        <img
          alt="JONE - greyed out"
          class="opacity-50 grayscale"
          data-testid="stamp-image-JONE"
          src="/stamps/JONE.svg"
        />
      </button>
      <button
        class="flex items-center justify-center p-2"
        data-testid="stamp-button-JORD"
        type="button"
      >
        <img
          alt="JORD - greyed out"
          class="opacity-50 grayscale"
          data-testid="stamp-image-JORD"
          src="/stamps/JORD.svg"
        />
      </button>
      <button
        class="flex items-center justify-center p-2"
        data-testid="stamp-button-KELA"
        type="button"
      >
        <img
          alt="KELA - greyed out"
          class="opacity-50 grayscale"
          data-testid="stamp-image-KELA"
          src="/stamps/KELA.svg"
        />
      </button>
      <button
        class="flex items-center justify-center p-2"
        data-testid="stamp-button-LAJA"
        type="button"
      >
        <img
          alt="LAJA - greyed out"
          class="opacity-50 grayscale"
          data-testid="stamp-image-LAJA"
          src="/stamps/LAJA.svg"
        />
      </button>
      <button
        class="flex items-center justify-center p-2"
        data-testid="stamp-button-LANO"
        type="button"
      >
        <img
          alt="LANO - greyed out"
          class="opacity-50 grayscale"
          data-testid="stamp-image-LANO"
          src="/stamps/LANO.svg"
        />
      </button>
      <button
        class="flex items-center justify-center p-2"
        data-testid="stamp-button-LAWA"
        type="button"
      >
        <img
          alt="LAWA - greyed out"
          class="opacity-50 grayscale"
          data-testid="stamp-image-LAWA"
          src="/stamps/LAWA.svg"
        />
      </button>
      <button
        class="flex items-center justify-center p-2"
        data-testid="stamp-button-LURI"
        type="button"
      >
        <img
          alt="LURI - greyed out"
          class="opacity-50 grayscale"
          data-testid="stamp-image-LURI"
          src="/stamps/LURI.svg"
        />
      </button>
      <button
        class="flex items-center justify-center p-2"
        data-testid="stamp-button-MARI"
        type="button"
      >
        <img
          alt="MARI - greyed out"
          class="opacity-50 grayscale"
          data-testid="stamp-image-MARI"
          src="/stamps/MARI.svg"
        />
      </button>
      <button
        class="flex items-center justify-center p-2"
        data-testid="stamp-button-MEMO"
        type="button"
      >
        <img
          alt="MEMO - greyed out"
          class="opacity-50 grayscale"
          data-testid="stamp-image-MEMO"
          src="/stamps/MEMO.svg"
        />
      </button>
      <button
        class="flex items-center justify-center p-2"
        data-testid="stamp-button-MEMI"
        type="button"
      >
        <img
          alt="MEMI - greyed out"
          class="opacity-50 grayscale"
          data-testid="stamp-image-MEMI"
          src="/stamps/MEMI.svg"
        />
      </button>
      <button
        class="flex items-center justify-center p-2"
        data-testid="stamp-button-MOMO"
        type="button"
      >
        <img
          alt="MOMO - greyed out"
          class="opacity-50 grayscale"
          data-testid="stamp-image-MOMO"
          src="/stamps/MOMO.svg"
        />
      </button>
      <button
        class="flex items-center justify-center p-2"
        data-testid="stamp-button-MOJE"
        type="button"
      >
        <img
          alt="MOJE - greyed out"
          class="opacity-50 grayscale"
          data-testid="stamp-image-MOJE"
          src="/stamps/MOJE.svg"
        />
      </button>
      <button
        class="flex items-center justify-center p-2"
        data-testid="stamp-button-MOMI"
        type="button"
      >
        <img
          alt="MOMI - greyed out"
          class="opacity-50 grayscale"
          data-testid="stamp-image-MOMI"
          src="/stamps/MOMI.svg"
        />
      </button>
      <button
        class="flex items-center justify-center p-2"
        data-testid="stamp-button-NERI"
        type="button"
      >
        <img
          alt="NERI - greyed out"
          class="opacity-50 grayscale"
          data-testid="stamp-image-NERI"
          src="/stamps/NERI.svg"
        />
      </button>
      <button
        class="flex items-center justify-center p-2"
        data-testid="stamp-button-OCMO"
        type="button"
      >
        <img
          alt="OCMO - greyed out"
          class="opacity-50 grayscale"
          data-testid="stamp-image-OCMO"
          src="/stamps/OCMO.svg"
        />
      </button>
      <button
        class="flex items-center justify-center p-2"
        data-testid="stamp-button-PETT"
        type="button"
      >
        <img
          alt="PETT - greyed out"
          class="opacity-50 grayscale"
          data-testid="stamp-image-PETT"
          src="/stamps/PETT.svg"
        />
      </button>
      <button
        class="flex items-center justify-center p-2"
        data-testid="stamp-button-PIMO"
        type="button"
      >
        <img
          alt="PIMO - greyed out"
          class="opacity-50 grayscale"
          data-testid="stamp-image-PIMO"
          src="/stamps/PIMO.svg"
        />
      </button>
      <button
        class="flex items-center justify-center p-2"
        data-testid="stamp-button-RARO"
        type="button"
      >
        <img
          alt="RARO - greyed out"
          class="opacity-50 grayscale"
          data-testid="stamp-image-RARO"
          src="/stamps/RARO.svg"
        />
      </button>
      <button
        class="flex items-center justify-center p-2"
        data-testid="stamp-button-REMO"
        type="button"
      >
        <img
          alt="REMO - greyed out"
          class="opacity-50 grayscale"
          data-testid="stamp-image-REMO"
          src="/stamps/REMO.svg"
        />
      </button>
      <button
        class="flex items-center justify-center p-2"
        data-testid="stamp-button-SILA"
        type="button"
      >
        <img
          alt="SILA - greyed out"
          class="opacity-50 grayscale"
          data-testid="stamp-image-SILA"
          src="/stamps/SILA.svg"
        />
      </button>
      <button
        class="flex items-center justify-center p-2"
        data-testid="stamp-button-SOMO"
        type="button"
      >
        <img
          alt="SOMO - greyed out"
          class="opacity-50 grayscale"
          data-testid="stamp-image-SOMO"
          src="/stamps/SOMO.svg"
        />
      </button>
      <button
        class="flex items-center justify-center p-2"
        data-testid="stamp-button-STMO"
        type="button"
      >
        <img
          alt="STMO - greyed out"
          class="opacity-50 grayscale"
          data-testid="stamp-image-STMO"
          src="/stamps/STMO.svg"
        />
      </button>
      <button
        class="flex items-center justify-center p-2"
        data-testid="stamp-button-WEWO"
        type="button"
      >
        <img
          alt="WEWO - greyed out"
          class="opacity-50 grayscale"
          data-testid="stamp-image-WEWO"
          src="/stamps/WEWO.svg"
        />
      </button>
      <button
        class="flex items-center justify-center p-2"
        data-testid="stamp-button-WIUM"
        type="button"
      >
        <img
          alt="WIUM - greyed out"
          class="opacity-50 grayscale"
          data-testid="stamp-image-WIUM"
          src="/stamps/WIUM.svg"
        />
      </button>
    </div>
  </div>
</div>
`;
