// Vitest Snapshot v1, https://vitest.dev/guide/snapshot.html

exports[`PassportHeader > matches snapshot 1`] = `
<div>
  <div
    class="flex h-2/4 flex-col items-center justify-center"
  >
    <img
      alt="North Carolina Department of Parks and Rec White Logo"
      height="103"
      src="/DPRLogoWhite.svg"
      width="136"
    />
    <h3
      class="text-center"
    >
      North Carolina State Parks
    </h3>
    <p
      class="font-Norican text-8xl"
      style="padding-top: 30px;"
    >
      Passport
    </p>
  </div>
</div>
`;
