// Vitest Snapshot v1, https://vitest.dev/guide/snapshot.html

exports[`SplashScreenView > matches snapshot 1`] = `
<div>
  <div
    class="fixed inset-0 flex flex-col items-center bg-no-repeat"
    style="background-image: url("/photos/CRMO_FrontCover.jpg"); background-size: 150%; z-index: 9999;"
  >
    <div
      class="flex h-2/4 flex-col items-center justify-center"
    >
      <img
        alt="North Carolina Department of Parks and Rec White Logo"
        height="103"
        src="/DPRLogoWhite.svg"
        width="136"
      />
      <h3>
        North Carolina State Parks
      </h3>
      <p
        class="font-Norican text-8xl"
        style="padding-top: 30px;"
      >
        Passport
      </p>
      <div
        class="mt-20 rounded-xl bg-secondary-lightblue bg-opacity-70 p-3"
      />
    </div>
  </div>
</div>
`;
