// Vitest Snapshot v1, https://vitest.dev/guide/snapshot.html

exports[`TrailMap > matches snapshot 1`] = `
<div>
  <div
    class="flex flex-col"
  >
    <img
      alt="NC State Map showing all trails"
      src="/PassportMap_TrailsOnly.svg"
    />
    <div
      class="ml-2 flex w-full justify-around"
    >
      <div>
        <p
          class="text-trail_danriver"
        >
          Dan River
        </p>
        <p
          class="text-trail_deepriver"
        >
          Deep River
        </p>
        <p
          class="text-trail_eastcoastgreenway"
        >
          East Coast Greenway
        </p>
        <p
          class="text-trail_equine"
        >
          Equine
        </p>
        <p
          class="text-trail_fontaflora"
        >
          Fonta Flora
        </p>
        <p
          class="text-trail_frenchbroadriver"
        >
          French Broad River
        </p>
        <p
          class="text-trail_hawriver"
        >
          Haw River
        </p>
      </div>
      <div>
        <p
          class="text-trail_hickorynutgorge"
        >
          Hickory Nut Gorge
        </p>
        <p
          class="text-trail_mountainstosea"
        >
          Mountains-to-Sea
        </p>
        <p
          class="text-trail_northernpeaks"
        >
          Northern Peaks
        </p>
        <p
          class="text-trail_overmountainvictory"
        >
          Overmountain Victory
        </p>
        <p
          class="text-trail_roanokeriver"
        >
          Roanoke River
        </p>
        <p
          class="text-trail_wildernessgateway"
        >
          Wilderness Gateway
        </p>
        <p
          class="text-trail_yadkinriver"
        >
          Yadkin River
        </p>
      </div>
    </div>
  </div>
</div>
`;
