// Vitest Snapshot v1, https://vitest.dev/guide/snapshot.html

exports[`Locations > matches snapshot 1`] = `
<div>
  <div
    class="relative mx-3 mt-3 flex gap-2"
  >
    <div
      class="relative flex-1"
    >
      <input
        class="w-full rounded-lg border border-system_gray p-3 pr-7 focus:border-secondary_darkteal focus:outline-none focus:ring-1 focus:ring-secondary_darkteal focus:ring-opacity-100"
        placeholder="Search parks..."
        type="text"
        value=""
      />
    </div>
    <button
      class="w-auto rounded-lg border border-system_gray bg-system_white px-3 py-2 transition-all duration-200"
      style="display: inline;"
      type="button"
    >
      <svg
        fill="currentColor"
        height="1em"
        stroke="currentColor"
        stroke-width="0"
        viewBox="0 0 512 512"
        width="1em"
        xmlns="http://www.w3.org/2000/svg"
      >
        <path
          d="M487.976 0H24.028C2.71 0-8.047 25.866 7.058 40.971L192 225.941V432c0 7.831 3.821 15.17 10.237 19.662l80 55.98C298.02 518.69 320 507.493 320 487.98V225.941l184.947-184.97C520.021 25.896 509.338 0 487.976 0z"
        />
      </svg>
    </button>
  </div>
  <div
    class="m-3"
    data-testid="park"
  >
    <a
      class="text-supporting_inactiveblue no-underline"
      data-discover="true"
      href="/locations/CABE"
    >
      <div
        class="flex items-center bg-supporting_lightblue p-3 shadow-md"
        style="border-radius: 15px;"
      >
        <div
          class="flex flex-col gap-1"
        >
          <h3>
            Carolina Beach State Park
          </h3>
          <p>
            Carolina Beach, NC
          </p>
        </div>
      </div>
    </a>
  </div>
  <div
    class="m-3"
    data-testid="park"
  >
    <a
      class="text-supporting_inactiveblue no-underline"
      data-discover="true"
      href="/locations/CACR"
    >
      <div
        class="flex items-center bg-supporting_lightblue p-3 shadow-md"
        style="border-radius: 15px;"
      >
        <div
          class="flex flex-col gap-1"
        >
          <h3>
            Carvers Creek State Park
          </h3>
          <p>
            Spring Lake, NC
          </p>
        </div>
      </div>
    </a>
  </div>
  <div
    class="m-3"
    data-testid="park"
  >
    <a
      class="text-supporting_inactiveblue no-underline"
      data-discover="true"
      href="/locations/CHRO"
    >
      <div
        class="flex items-center bg-supporting_lightblue p-3 shadow-md"
        style="border-radius: 15px;"
      >
        <div
          class="flex flex-col gap-1"
        >
          <h3>
            Chimney Rock State Park
          </h3>
          <p>
            Chimney Rock, NC
          </p>
        </div>
      </div>
    </a>
  </div>
  <div
    class="m-3"
    data-testid="park"
  >
    <a
      class="text-supporting_inactiveblue no-underline"
      data-discover="true"
      href="/locations/CLNE"
    >
      <div
        class="flex items-center bg-supporting_lightblue p-3 shadow-md"
        style="border-radius: 15px;"
      >
        <div
          class="flex flex-col gap-1"
        >
          <h3>
            Cliffs of the Neuse State Park
          </h3>
          <p>
            Seven Springs, NC
          </p>
        </div>
      </div>
    </a>
  </div>
  <div
    class="m-3"
    data-testid="park"
  >
    <a
      class="text-supporting_inactiveblue no-underline"
      data-discover="true"
      href="/locations/CRMO"
    >
      <div
        class="flex items-center bg-supporting_lightblue p-3 shadow-md"
        style="border-radius: 15px;"
      >
        <div
          class="flex flex-col gap-1"
        >
          <h3>
            Crowders Mountain State Park
          </h3>
          <p>
            Kings Mountain, NC
          </p>
        </div>
      </div>
    </a>
  </div>
  <div
    class="m-3"
    data-testid="park"
  >
    <a
      class="text-supporting_inactiveblue no-underline"
      data-discover="true"
      href="/locations/DISW"
    >
      <div
        class="flex items-center bg-supporting_lightblue p-3 shadow-md"
        style="border-radius: 15px;"
      >
        <div
          class="flex flex-col gap-1"
        >
          <h3>
            Dismal Swamp State Park
          </h3>
          <p>
            South Mills, NC
          </p>
        </div>
      </div>
    </a>
  </div>
  <div
    class="m-3"
    data-testid="park"
  >
    <a
      class="text-supporting_inactiveblue no-underline"
      data-discover="true"
      href="/locations/ELKN"
    >
      <div
        class="flex items-center bg-supporting_lightblue p-3 shadow-md"
        style="border-radius: 15px;"
      >
        <div
          class="flex flex-col gap-1"
        >
          <h3>
            Elk Knob State Park
          </h3>
          <p>
            Todd, NC
          </p>
        </div>
      </div>
    </a>
  </div>
  <div
    class="m-3"
    data-testid="park"
  >
    <a
      class="text-supporting_inactiveblue no-underline"
      data-discover="true"
      href="/locations/ENRI"
    >
      <div
        class="flex items-center bg-supporting_lightblue p-3 shadow-md"
        style="border-radius: 15px;"
      >
        <div
          class="flex flex-col gap-1"
        >
          <h3>
            Eno River State Park
          </h3>
          <p>
            Durham, NC
          </p>
        </div>
      </div>
    </a>
  </div>
  <div
    class="m-3"
    data-testid="park"
  >
    <a
      class="text-supporting_inactiveblue no-underline"
      data-discover="true"
      href="/locations/FALA"
    >
      <div
        class="flex items-center bg-supporting_lightblue p-3 shadow-md"
        style="border-radius: 15px;"
      >
        <div
          class="flex flex-col gap-1"
        >
          <h3>
            Falls Lake State Recreation Area
          </h3>
          <p>
            Wake Forest, NC
          </p>
        </div>
      </div>
    </a>
  </div>
  <div
    class="m-3"
    data-testid="park"
  >
    <a
      class="text-supporting_inactiveblue no-underline"
      data-discover="true"
      href="/locations/FOFI"
    >
      <div
        class="flex items-center bg-supporting_lightblue p-3 shadow-md"
        style="border-radius: 15px;"
      >
        <div
          class="flex flex-col gap-1"
        >
          <h3>
            Fort Fisher State Recreation Area
          </h3>
          <p>
            Kure Beach, NC
          </p>
        </div>
      </div>
    </a>
  </div>
  <div
    class="m-3"
    data-testid="park"
  >
    <a
      class="text-supporting_inactiveblue no-underline"
      data-discover="true"
      href="/locations/FOMA"
    >
      <div
        class="flex items-center bg-supporting_lightblue p-3 shadow-md"
        style="border-radius: 15px;"
      >
        <div
          class="flex flex-col gap-1"
        >
          <h3>
            Fort Macon State Park
          </h3>
          <p>
            Atlantic Beach, NC
          </p>
        </div>
      </div>
    </a>
  </div>
  <div
    class="m-3"
    data-testid="park"
  >
    <a
      class="text-supporting_inactiveblue no-underline"
      data-discover="true"
      href="/locations/GOCR"
    >
      <div
        class="flex items-center bg-supporting_lightblue p-3 shadow-md"
        style="border-radius: 15px;"
      >
        <div
          class="flex flex-col gap-1"
        >
          <h3>
            Goose Creek State Park
          </h3>
          <p>
            Washington, NC
          </p>
        </div>
      </div>
    </a>
  </div>
  <div
    class="m-3"
    data-testid="park"
  >
    <a
      class="text-supporting_inactiveblue no-underline"
      data-discover="true"
      href="/locations/GORG"
    >
      <div
        class="flex items-center bg-supporting_lightblue p-3 shadow-md"
        style="border-radius: 15px;"
      >
        <div
          class="flex flex-col gap-1"
        >
          <h3>
            Gorges State Park
          </h3>
          <p>
            Sapphire, NC
          </p>
        </div>
      </div>
    </a>
  </div>
  <div
    class="m-3"
    data-testid="park"
  >
    <a
      class="text-supporting_inactiveblue no-underline"
      data-discover="true"
      href="/locations/GRMO"
    >
      <div
        class="flex items-center bg-supporting_lightblue p-3 shadow-md"
        style="border-radius: 15px;"
      >
        <div
          class="flex flex-col gap-1"
        >
          <h3>
            Grandfather Mountain State Park
          </h3>
          <p>
            Banner Elk, NC
          </p>
        </div>
      </div>
    </a>
  </div>
  <div
    class="m-3"
    data-testid="park"
  >
    <a
      class="text-supporting_inactiveblue no-underline"
      data-discover="true"
      href="/locations/HABE"
    >
      <div
        class="flex items-center bg-supporting_lightblue p-3 shadow-md"
        style="border-radius: 15px;"
      >
        <div
          class="flex flex-col gap-1"
        >
          <h3>
            Hammocks Beach State Park
          </h3>
          <p>
            Swansboro, NC
          </p>
        </div>
      </div>
    </a>
  </div>
  <div
    class="m-3"
    data-testid="park"
  >
    <a
      class="text-supporting_inactiveblue no-underline"
      data-discover="true"
      href="/locations/HARO"
    >
      <div
        class="flex items-center bg-supporting_lightblue p-3 shadow-md"
        style="border-radius: 15px;"
      >
        <div
          class="flex flex-col gap-1"
        >
          <h3>
            Hanging Rock State Park
          </h3>
          <p>
            Danbury, NC
          </p>
        </div>
      </div>
    </a>
  </div>
  <div
    class="m-3"
    data-testid="park"
  >
    <a
      class="text-supporting_inactiveblue no-underline"
      data-discover="true"
      href="/locations/HARI"
    >
      <div
        class="flex items-center bg-supporting_lightblue p-3 shadow-md"
        style="border-radius: 15px;"
      >
        <div
          class="flex flex-col gap-1"
        >
          <h3>
            Haw River State Park
          </h3>
          <p>
            Browns Summit, NC
          </p>
        </div>
      </div>
    </a>
  </div>
  <div
    class="m-3"
    data-testid="park"
  >
    <a
      class="text-supporting_inactiveblue no-underline"
      data-discover="true"
      href="/locations/JORI"
    >
      <div
        class="flex items-center bg-supporting_lightblue p-3 shadow-md"
        style="border-radius: 15px;"
      >
        <div
          class="flex flex-col gap-1"
        >
          <h3>
            Jockey's Ridge State Park
          </h3>
          <p>
            Nags Head, NC
          </p>
        </div>
      </div>
    </a>
  </div>
  <div
    class="m-3"
    data-testid="park"
  >
    <a
      class="text-supporting_inactiveblue no-underline"
      data-discover="true"
      href="/locations/JONE"
    >
      <div
        class="flex items-center bg-supporting_lightblue p-3 shadow-md"
        style="border-radius: 15px;"
      >
        <div
          class="flex flex-col gap-1"
        >
          <h3>
            Jones Lake State Park
          </h3>
          <p>
            Elizabethtown, NC
          </p>
        </div>
      </div>
    </a>
  </div>
  <div
    class="m-3"
    data-testid="park"
  >
    <a
      class="text-supporting_inactiveblue no-underline"
      data-discover="true"
      href="/locations/JORD"
    >
      <div
        class="flex items-center bg-supporting_lightblue p-3 shadow-md"
        style="border-radius: 15px;"
      >
        <div
          class="flex flex-col gap-1"
        >
          <h3>
            Jordan Lake State Recreation Area
          </h3>
          <p>
            Apex, NC
          </p>
        </div>
      </div>
    </a>
  </div>
  <div
    class="m-3"
    data-testid="park"
  >
    <a
      class="text-supporting_inactiveblue no-underline"
      data-discover="true"
      href="/locations/KELA"
    >
      <div
        class="flex items-center bg-supporting_lightblue p-3 shadow-md"
        style="border-radius: 15px;"
      >
        <div
          class="flex flex-col gap-1"
        >
          <h3>
            Kerr Lake State Recreation Area
          </h3>
          <p>
            Henderson, NC
          </p>
        </div>
      </div>
    </a>
  </div>
  <div
    class="m-3"
    data-testid="park"
  >
    <a
      class="text-supporting_inactiveblue no-underline"
      data-discover="true"
      href="/locations/LAJA"
    >
      <div
        class="flex items-center bg-supporting_lightblue p-3 shadow-md"
        style="border-radius: 15px;"
      >
        <div
          class="flex flex-col gap-1"
        >
          <h3>
            Lake James State Park
          </h3>
          <p>
            Nebo, NC
          </p>
        </div>
      </div>
    </a>
  </div>
  <div
    class="m-3"
    data-testid="park"
  >
    <a
      class="text-supporting_inactiveblue no-underline"
      data-discover="true"
      href="/locations/LANO"
    >
      <div
        class="flex items-center bg-supporting_lightblue p-3 shadow-md"
        style="border-radius: 15px;"
      >
        <div
          class="flex flex-col gap-1"
        >
          <h3>
            Lake Norman State Park
          </h3>
          <p>
            Troutman, NC
          </p>
        </div>
      </div>
    </a>
  </div>
  <div
    class="m-3"
    data-testid="park"
  >
    <a
      class="text-supporting_inactiveblue no-underline"
      data-discover="true"
      href="/locations/LAWA"
    >
      <div
        class="flex items-center bg-supporting_lightblue p-3 shadow-md"
        style="border-radius: 15px;"
      >
        <div
          class="flex flex-col gap-1"
        >
          <h3>
            Lake Waccamaw State Park
          </h3>
          <p>
            Lake Waccamaw, NC
          </p>
        </div>
      </div>
    </a>
  </div>
  <div
    class="m-3"
    data-testid="park"
  >
    <a
      class="text-supporting_inactiveblue no-underline"
      data-discover="true"
      href="/locations/LURI"
    >
      <div
        class="flex items-center bg-supporting_lightblue p-3 shadow-md"
        style="border-radius: 15px;"
      >
        <div
          class="flex flex-col gap-1"
        >
          <h3>
            Lumber River State Park
          </h3>
          <p>
            Orrum, NC
          </p>
        </div>
      </div>
    </a>
  </div>
  <div
    class="m-3"
    data-testid="park"
  >
    <a
      class="text-supporting_inactiveblue no-underline"
      data-discover="true"
      href="/locations/MARI"
    >
      <div
        class="flex items-center bg-supporting_lightblue p-3 shadow-md"
        style="border-radius: 15px;"
      >
        <div
          class="flex flex-col gap-1"
        >
          <h3>
            Mayo River State Park
          </h3>
          <p>
            Mayodan, NC
          </p>
        </div>
      </div>
    </a>
  </div>
  <div
    class="m-3"
    data-testid="park"
  >
    <a
      class="text-supporting_inactiveblue no-underline"
      data-discover="true"
      href="/locations/MEMO"
    >
      <div
        class="flex items-center bg-supporting_lightblue p-3 shadow-md"
        style="border-radius: 15px;"
      >
        <div
          class="flex flex-col gap-1"
        >
          <h3>
            Medoc Mountain State Park
          </h3>
          <p>
            Hollister, NC
          </p>
        </div>
      </div>
    </a>
  </div>
  <div
    class="m-3"
    data-testid="park"
  >
    <a
      class="text-supporting_inactiveblue no-underline"
      data-discover="true"
      href="/locations/MEMI"
    >
      <div
        class="flex items-center bg-supporting_lightblue p-3 shadow-md"
        style="border-radius: 15px;"
      >
        <div
          class="flex flex-col gap-1"
        >
          <h3>
            Merchants Millpond State Park
          </h3>
          <p>
            Gatesville, NC
          </p>
        </div>
      </div>
    </a>
  </div>
  <div
    class="m-3"
    data-testid="park"
  >
    <a
      class="text-supporting_inactiveblue no-underline"
      data-discover="true"
      href="/locations/MOMO"
    >
      <div
        class="flex items-center bg-supporting_lightblue p-3 shadow-md"
        style="border-radius: 15px;"
      >
        <div
          class="flex flex-col gap-1"
        >
          <h3>
            Morrow Mountain State Park
          </h3>
          <p>
            Albemarle, NC
          </p>
        </div>
      </div>
    </a>
  </div>
  <div
    class="m-3"
    data-testid="park"
  >
    <a
      class="text-supporting_inactiveblue no-underline"
      data-discover="true"
      href="/locations/MOJE"
    >
      <div
        class="flex items-center bg-supporting_lightblue p-3 shadow-md"
        style="border-radius: 15px;"
      >
        <div
          class="flex flex-col gap-1"
        >
          <h3>
            Mount Jefferson State Natural Area
          </h3>
          <p>
            West Jefferson, NC
          </p>
        </div>
      </div>
    </a>
  </div>
  <div
    class="m-3"
    data-testid="park"
  >
    <a
      class="text-supporting_inactiveblue no-underline"
      data-discover="true"
      href="/locations/MOMI"
    >
      <div
        class="flex items-center bg-supporting_lightblue p-3 shadow-md"
        style="border-radius: 15px;"
      >
        <div
          class="flex flex-col gap-1"
        >
          <h3>
            Mount Mitchell State Park
          </h3>
          <p>
            Burnsville, NC
          </p>
        </div>
      </div>
    </a>
  </div>
  <div
    class="m-3"
    data-testid="park"
  >
    <a
      class="text-supporting_inactiveblue no-underline"
      data-discover="true"
      href="/locations/NERI"
    >
      <div
        class="flex items-center bg-supporting_lightblue p-3 shadow-md"
        style="border-radius: 15px;"
      >
        <div
          class="flex flex-col gap-1"
        >
          <h3>
            New River State Park
          </h3>
          <p>
            Laurel Springs, NC
          </p>
        </div>
      </div>
    </a>
  </div>
  <div
    class="m-3"
    data-testid="park"
  >
    <a
      class="text-supporting_inactiveblue no-underline"
      data-discover="true"
      href="/locations/OCMO"
    >
      <div
        class="flex items-center bg-supporting_lightblue p-3 shadow-md"
        style="border-radius: 15px;"
      >
        <div
          class="flex flex-col gap-1"
        >
          <h3>
            Occoneechee Mountain State Natural Area
          </h3>
          <p>
            Hillsborough, NC
          </p>
        </div>
      </div>
    </a>
  </div>
  <div
    class="m-3"
    data-testid="park"
  >
    <a
      class="text-supporting_inactiveblue no-underline"
      data-discover="true"
      href="/locations/PETT"
    >
      <div
        class="flex items-center bg-supporting_lightblue p-3 shadow-md"
        style="border-radius: 15px;"
      >
        <div
          class="flex flex-col gap-1"
        >
          <h3>
            Pettigrew State Park
          </h3>
          <p>
            Creswell, NC
          </p>
        </div>
      </div>
    </a>
  </div>
  <div
    class="m-3"
    data-testid="park"
  >
    <a
      class="text-supporting_inactiveblue no-underline"
      data-discover="true"
      href="/locations/PIMO"
    >
      <div
        class="flex items-center bg-supporting_lightblue p-3 shadow-md"
        style="border-radius: 15px;"
      >
        <div
          class="flex flex-col gap-1"
        >
          <h3>
            Pilot Mountain State Park
          </h3>
          <p>
            Pinnacle, NC
          </p>
        </div>
      </div>
    </a>
  </div>
  <div
    class="m-3"
    data-testid="park"
  >
    <a
      class="text-supporting_inactiveblue no-underline"
      data-discover="true"
      href="/locations/RARO"
    >
      <div
        class="flex items-center bg-supporting_lightblue p-3 shadow-md"
        style="border-radius: 15px;"
      >
        <div
          class="flex flex-col gap-1"
        >
          <h3>
            Raven Rock State Park
          </h3>
          <p>
            Lillington, NC
          </p>
        </div>
      </div>
    </a>
  </div>
  <div
    class="m-3"
    data-testid="park"
  >
    <a
      class="text-supporting_inactiveblue no-underline"
      data-discover="true"
      href="/locations/REMO"
    >
      <div
        class="flex items-center bg-supporting_lightblue p-3 shadow-md"
        style="border-radius: 15px;"
      >
        <div
          class="flex flex-col gap-1"
        >
          <h3>
            Rendezvous Mountain
          </h3>
          <p>
            Purlear, NC
          </p>
        </div>
      </div>
    </a>
  </div>
  <div
    class="m-3"
    data-testid="park"
  >
    <a
      class="text-supporting_inactiveblue no-underline"
      data-discover="true"
      href="/locations/SILA"
    >
      <div
        class="flex items-center bg-supporting_lightblue p-3 shadow-md"
        style="border-radius: 15px;"
      >
        <div
          class="flex flex-col gap-1"
        >
          <h3>
            Singletary Lake State Park
          </h3>
          <p>
            Kelly, NC
          </p>
        </div>
      </div>
    </a>
  </div>
  <div
    class="m-3"
    data-testid="park"
  >
    <a
      class="text-supporting_inactiveblue no-underline"
      data-discover="true"
      href="/locations/SOMO"
    >
      <div
        class="flex items-center bg-supporting_lightblue p-3 shadow-md"
        style="border-radius: 15px;"
      >
        <div
          class="flex flex-col gap-1"
        >
          <h3>
            South Mountains State Park
          </h3>
          <p>
            Connelly Springs, NC
          </p>
        </div>
      </div>
    </a>
  </div>
  <div
    class="m-3"
    data-testid="park"
  >
    <a
      class="text-supporting_inactiveblue no-underline"
      data-discover="true"
      href="/locations/STMO"
    >
      <div
        class="flex items-center bg-supporting_lightblue p-3 shadow-md"
        style="border-radius: 15px;"
      >
        <div
          class="flex flex-col gap-1"
        >
          <h3>
            Stone Mountain State Park
          </h3>
          <p>
            Roaring Gap, NC
          </p>
        </div>
      </div>
    </a>
  </div>
  <div
    class="m-3"
    data-testid="park"
  >
    <a
      class="text-supporting_inactiveblue no-underline"
      data-discover="true"
      href="/locations/WEWO"
    >
      <div
        class="flex items-center bg-supporting_lightblue p-3 shadow-md"
        style="border-radius: 15px;"
      >
        <div
          class="flex flex-col gap-1"
        >
          <h3>
            Weymouth Woods Sandhills Nature Preserve
          </h3>
          <p>
            Southern Pines, NC
          </p>
        </div>
      </div>
    </a>
  </div>
  <div
    class="m-3"
    data-testid="park"
  >
    <a
      class="text-supporting_inactiveblue no-underline"
      data-discover="true"
      href="/locations/WIUM"
    >
      <div
        class="flex items-center bg-supporting_lightblue p-3 shadow-md"
        style="border-radius: 15px;"
      >
        <div
          class="flex flex-col gap-1"
        >
          <h3>
            William B. Umstead State Park
          </h3>
          <p>
            Raleigh, NC
          </p>
        </div>
      </div>
    </a>
  </div>
</div>
`;
