// Vitest Snapshot v1, https://vitest.dev/guide/snapshot.html

exports[`AddressView > matches snapshot 1`] = `
<div>
  <div
    class="flex h-fit flex-row items-center gap-2 text-supporting_inactiveblue"
  >
    <div
      class="aspect-square"
    >
      <svg
        fill="none"
        height="1em"
        stroke="currentColor"
        stroke-linecap="round"
        stroke-linejoin="round"
        stroke-width="3"
        viewBox="0 0 24 24"
        width="1em"
        xmlns="http://www.w3.org/2000/svg"
      >
        <polygon
          points="3 11 22 2 13 21 11 13 3 11"
        />
      </svg>
    </div>
    <p>
      Chimney Rock Access
    </p>
  </div>
  <div
    class="flex h-fit flex-row items-center gap-2 text-supporting_inactiveblue"
  >
    <div
      class="aspect-square"
    >
      <svg
        fill="none"
        height="1em"
        stroke="currentColor"
        stroke-linecap="round"
        stroke-linejoin="round"
        stroke-width="3"
        viewBox="0 0 24 24"
        width="1em"
        xmlns="http://www.w3.org/2000/svg"
      >
        <polygon
          points="3 11 22 2 13 21 11 13 3 11"
        />
      </svg>
    </div>
    <p>
      Rumbling Bald Access
    </p>
  </div>
  <button
    class="ml-4 inline-flex items-center"
    type="button"
  >
    Show More 
    <svg
      class="ml-1"
      fill="currentColor"
      height="1em"
      stroke="currentColor"
      stroke-width="0"
      viewBox="0 0 24 24"
      width="1em"
      xmlns="http://www.w3.org/2000/svg"
    >
      <path
        d="M0 0h24v24H0z"
        fill="none"
      />
      <path
        d="M16.59 8.59 12 13.17 7.41 8.59 6 10l6 6 6-6z"
      />
    </svg>
  </button>
</div>
`;
