// Vitest Snapshot v1, https://vitest.dev/guide/snapshot.html

exports[`NotesMiniTab > matches snapshot 1`] = `
<div>
  <div
    class="flex flex-col items-center gap-4 px-4 pt-4"
  >
    <textarea
      class="h-72 w-full flex-grow resize-none border border-secondary-darkteal bg-supporting-lightblue p-4 focus:border-secondary-darkteal focus:outline-none focus:ring-1 focus:ring-secondary-darkteal focus:ring-opacity-100"
      placeholder="Add some personal notes about this park!"
    />
    <button
      class="flex cursor-pointer select-none items-center justify-center text-center rounded-full transition-all duration-200 p-2 w-48 bg-secondary-darkteal"
      type="button"
    >
      <p
        class="text-system-white text-2xl"
      >
        Save
      </p>
    </button>
  </div>
</div>
`;
