// Vitest Snapshot v1, https://vitest.dev/guide/snapshot.html

exports[`LoginPage > matches snapshot 1`] = `
<div>
  <div
    class="flex h-full items-center justify-center bg-center bg-cover bg-no-repeat p-12"
    style="background-image: url("/photos/SILA-BackCover.jpg");"
  >
    <form
      class="flex flex-col items-center gap-3 rounded-3xl bg-supporting-lightblue bg-opacity-75 p-8"
    >
      <input
        class="bg-system-white w-full rounded-lg border p-3 focus:outline-none focus:ring-1 border-system-gray focus:border-secondary-darkteal focus:ring-secondary-darkteal"
        name="username"
        placeholder="Username"
        type="text"
      />
      <input
        class="bg-system-white w-full rounded-lg border p-3 focus:outline-none focus:ring-1 border-system-gray focus:border-secondary-darkteal focus:ring-secondary-darkteal"
        name="password"
        placeholder="Password"
        type="password"
      />
      <p
        class="text-center"
      >
        By using this application, you agree to the State of NC's
         
        <a
          class="text-secondary-darkteal hover:underline"
          href="https://www.nc.gov/privacy"
          rel="noopener noreferrer"
          target="_blank"
        >
          Privacy Policy
        </a>
      </p>
      <div
        class="flex flex-row gap-4"
      >
        <button
          class="flex cursor-pointer select-none items-center justify-center text-center rounded-full transition-all duration-200 p-2 w-48 bg-secondary-darkteal"
          type="button"
        >
          <p
            class="text-system-white text-2xl"
          >
            Register
          </p>
        </button>
        <button
          class="flex cursor-pointer select-none items-center justify-center text-center rounded-full transition-all duration-200 p-2 w-48 bg-secondary-orange"
          type="submit"
        >
          <p
            class="text-system-white text-2xl"
          >
            Login
          </p>
        </button>
      </div>
    </form>
  </div>
</div>
`;
