// Vitest Snapshot v1, https://vitest.dev/guide/snapshot.html

exports[`LoggedInAs > matches snapshot 1`] = `
<div>
  <div
    class="text-center"
  >
    You are currently logged in as 'superAdmin'
    <br />
    <button
      class="link"
      type="button"
    >
      Log out
    </button>
  </div>
</div>
`;
