// Vitest Snapshot v1, https://vitest.dev/guide/snapshot.html

exports[`TrailMap > matches snapshot 1`] = `
<div>
  <div
    class="flex flex-col"
  >
    <img
      alt="NC State Map showing all trails"
      src="/PassportMap_TrailsOnly.svg"
    />
    <div
      class="ml-2 flex w-full justify-around"
    >
      <div>
        <p
          class="text-trail-danriver"
        >
          Dan River
        </p>
        <p
          class="text-trail-deepriver"
        >
          Deep River
        </p>
        <p
          class="text-trail-eastcoastgreenway"
        >
          East Coast Greenway
        </p>
        <p
          class="text-trail-equine"
        >
          Equine
        </p>
        <p
          class="text-trail-fontaflora"
        >
          Fonta Flora
        </p>
        <p
          class="text-trail-frenchbroadriver"
        >
          French Broad River
        </p>
        <p
          class="text-trail-hawriver"
        >
          Haw River
        </p>
      </div>
      <div>
        <p
          class="text-trail-hickorynutgorge"
        >
          Hickory Nut Gorge
        </p>
        <p
          class="text-trail-mountainstosea"
        >
          Mountains-to-Sea
        </p>
        <p
          class="text-trail-northernpeaks"
        >
          Northern Peaks
        </p>
        <p
          class="text-trail-overmountainvictory"
        >
          Overmountain Victory
        </p>
        <p
          class="text-trail-roanokeriver"
        >
          Roanoke River
        </p>
        <p
          class="text-trail-wildernessgateway"
        >
          Wilderness Gateway
        </p>
        <p
          class="text-trail-yadkinriver"
        >
          Yadkin River
        </p>
      </div>
    </div>
  </div>
</div>
`;
